U-Boot SPL 2025.04 (Jan 12 2026 - 16:41:06 +0100)
DDRINFO: start DRAM init
DDRINFO: DRAM rate 4000MTS
DDRINFO:ddrphy calibration done
DDRINFO: ddrmix config done
found DRAM two ranks matched
SEC0:  RNG instantiated
Normal Boot
Trying to boot from BOOTROM
Boot Stage: Primary boot
image offset 0x8000, pagesize 0x200, ivt offset 0x0
NOTICE:  Do not release JR0 to NS as it can be used by HAB
NOTICE:  BL31: v2.12.0(release):lf-6.12.20-2.0.0
NOTICE:  BL31: Built : 16:41:15, Jan 12 2026


U-Boot 2025.04 (Jan 12 2026 - 16:41:06 +0100)

CPU:   i.MX8MP[8] rev1.1 1800 MHz (running at 1200 MHz)
CPU:   Commercial temperature grade (0C to 95C) at 53C
Reset cause: POR
Model: NXP i.MX8MPlus LPDDR4 FRDM board
DRAM:  4 GiB
optee optee: OP-TEE api uid mismatch
TCPC:  Vendor ID [0x1fc9], Product ID [0x5110], Addr [I2C0 0x52]
TCPC:  Vendor ID [0x1fc9], Product ID [0x5110], Addr [I2C0 0x50]
Core:  297 devices, 33 uclasses, devicetree: separate
MMC:   FSL_SDHC: 1, FSL_SDHC: 2
Loading Environment from MMC... Reading from MMC(1)... *** Warning - bad CRC, using default environment

Fail to setup video link
In:    serial
Out:   serial
Err:   serial
SEC0:  RNG instantiated
switch to partitions #0, OK
mmc1 is current device
flash target is MMC:1
Net:   eth0: ethernet@30be0000, eth1: ethernet@30bf0000 [PRIME]
Fastboot: Normal

Normal Boot
Hit any key to stop autoboot:  0
Working FDT set to 43000000
libfdt fdt_path_offset() returned FDT_ERR_NOTFOUND
libfdt fdt_path_offset() returned FDT_ERR_NOTFOUND
Scanning for bootflows in all bootdevs
Seq  Method       State   Uclass    Part  Name                      Filename
---  -----------  ------  --------  ----  ------------------------  ----------------
Scanning global bootmeth 'efi_mgr':
optee optee: OP-TEE api uid mismatch
Unable to open OP-TEE session (err=-19)
mm_communicate failed!
Scanning bootdev 'mmc@30b50000.bootdev':
** File not found /boot.bmp **
  0  script       ready   mmc          1  mmc@30b50000.bootdev.part /boot.scr
** Booting bootflow 'mmc@30b50000.bootdev.part_1' with script
84324 bytes read in 9 ms (8.9 MiB/s)
36008448 bytes read in 412 ms (83.4 MiB/s)
## Flattened Device Tree blob at 43000000
   Booting using the fdt blob at 0x43000000
Working FDT set to 43000000
   Using Device Tree in place at 0000000043000000, end 0000000043017963
Working FDT set to 43000000

Starting kernel ...

[    0.000000] Booting Linux on physical CPU 0x0000000000 [0x410fd034]
[    0.000000] Linux version 6.12.49-gdf24f9428e38-dirty (nxp@nxp-SYS-110P-FDWTR) (aarch64-linux-gnu-gcc (Ubuntu 11.4.0-1ubuntu1~22.04) 11.4.0, GNU ld (GNU Binutils for Ubuntu) 2.38) #5 SMP PREEMPT Tue Jan 13 10:21:46 CET 2026
[    0.000000] KASLR disabled due to lack of seed
[    0.000000] Machine model: NXP FRDM-IMX8MPLUS
[    0.000000] efi: UEFI not found.
[    0.000000] Reserved memory: created CMA memory pool at 0x00000000c4000000, size 960 MiB
[    0.000000] OF: reserved mem: initialized node linux,cma, compatible id shared-dma-pool
[    0.000000] OF: reserved mem: 0x00000000c4000000..0x00000000ffffffff (983040 KiB) map reusable linux,cma
[    0.000000] OF: reserved mem: 0x0000000100000000..0x000000010fffffff (262144 KiB) nomap non-reusable gpu_reserved@100000000
[    0.000000] OF: reserved mem: 0x0000000092400000..0x00000000933fffff (16384 KiB) nomap non-reusable dsp@92400000
[    0.000000] OF: reserved mem: 0x0000000093400000..0x00000000942effff (15296 KiB) nomap non-reusable dsp_reserved_heap@93400000
[    0.000000] OF: reserved mem: 0x00000000942f0000..0x00000000942f7fff (32 KiB) nomap non-reusable vdev0vring0@942f0000
[    0.000000] OF: reserved mem: 0x00000000942f8000..0x00000000942fffff (32 KiB) nomap non-reusable vdev0vring1@942f8000
[    0.000000] Reserved memory: created DMA memory pool at 0x0000000094300000, size 1 MiB
[    0.000000] OF: reserved mem: initialized node vdev0buffer@94300000, compatible id shared-dma-pool
[    0.000000] OF: reserved mem: 0x0000000094300000..0x00000000943fffff (1024 KiB) nomap non-reusable vdev0buffer@94300000
[    0.000000] Reserved memory: created DMA memory pool at 0x0000000092400000, size 64 MiB
[    0.000000] OF: reserved mem: initialized node la93@92400000, compatible id shared-dma-pool
[    0.000000] OF: reserved mem: 0x0000000092400000..0x00000000963fffff (65536 KiB) map non-reusable la93@92400000
[    0.000000] OF: reserved mem: 0x0000000096400000..0x00000000a33fffff (212992 KiB) map non-reusable iqflood@96400000
[    0.000000] OF: reserved mem: OVERLAP DETECTED!
[    0.000000] dsp@92400000 (0x0000000092400000--0x0000000093400000) overlaps with la93@92400000 (0x0000000092400000--0x0000000096400000)
[    0.000000] OF: reserved mem: OVERLAP DETECTED!
[    0.000000] la93@92400000 (0x0000000092400000--0x0000000096400000) overlaps with dsp_reserved_heap@93400000 (0x0000000093400000--0x00000000942f0000)
[    0.000000] NUMA: Faking a node at [mem 0x0000000040000000-0x000000013fffffff]
[    0.000000] NODE_DATA(0) allocated [mem 0x13f82f9c0-0x13f8323ff]
[    0.000000] Zone ranges:
[    0.000000]   DMA      [mem 0x0000000040000000-0x00000000ffffffff]
[    0.000000]   DMA32    empty
[    0.000000]   Normal   [mem 0x0000000100000000-0x000000013fffffff]
[    0.000000] Movable zone start for each node
[    0.000000] Early memory node ranges
[    0.000000]   node   0: [mem 0x0000000040000000-0x00000000923fffff]
[    0.000000]   node   0: [mem 0x0000000092400000-0x00000000943fffff]
[    0.000000]   node   0: [mem 0x0000000094400000-0x00000000ffffffff]
[    0.000000]   node   0: [mem 0x0000000100000000-0x000000010fffffff]
[    0.000000]   node   0: [mem 0x0000000110000000-0x000000013fffffff]
[    0.000000] Initmem setup node 0 [mem 0x0000000040000000-0x000000013fffffff]
[    0.000000] psci: probing for conduit method from DT.
[    0.000000] psci: PSCIv1.1 detected in firmware.
[    0.000000] psci: Using standard PSCI v0.2 function IDs
[    0.000000] psci: MIGRATE_INFO_TYPE not supported.
[    0.000000] psci: SMC Calling Convention v1.5
[    0.000000] percpu: Embedded 23 pages/cpu s54296 r8192 d31720 u94208
[    0.000000] Detected VIPT I-cache on CPU0
[    0.000000] CPU features: detected: GIC system register CPU interface
[    0.000000] CPU features: detected: ARM erratum 845719
[    0.000000] alternatives: applying boot alternatives
[    0.000000] Kernel command line: console=ttymxc1,115200 root=PARTUUID=183387f0-03 rw rootwait
[    0.000000] Dentry cache hash table entries: 524288 (order: 10, 4194304 bytes, linear)
[    0.000000] Inode-cache hash table entries: 262144 (order: 9, 2097152 bytes, linear)
[    0.000000] Fallback order for Node 0: 0
[    0.000000] Built 1 zonelists, mobility grouping on.  Total pages: 1048576
[    0.000000] Policy zone: Normal
[    0.000000] mem auto-init: stack:off, heap alloc:off, heap free:off
[    0.000000] software IO TLB: area num 4.
[    0.000000] software IO TLB: mapped [mem 0x00000000c0000000-0x00000000c4000000] (64MB)
[    0.000000] SLUB: HWalign=64, Order=0-3, MinObjects=0, CPUs=4, Nodes=1
[    0.000000] rcu: Preemptible hierarchical RCU implementation.
[    0.000000] rcu:     RCU event tracing is enabled.
[    0.000000] rcu:     RCU restricting CPUs from NR_CPUS=512 to nr_cpu_ids=4.
[    0.000000]  Trampoline variant of Tasks RCU enabled.
[    0.000000]  Tracing variant of Tasks RCU enabled.
[    0.000000] rcu: RCU calculated value of scheduler-enlistment delay is 25 jiffies.
[    0.000000] rcu: Adjusting geometry for rcu_fanout_leaf=16, nr_cpu_ids=4
[    0.000000] RCU Tasks: Setting shift to 2 and lim to 1 rcu_task_cb_adjust=1 rcu_task_cpu_ids=4.
[    0.000000] RCU Tasks Trace: Setting shift to 2 and lim to 1 rcu_task_cb_adjust=1 rcu_task_cpu_ids=4.
[    0.000000] NR_IRQS: 64, nr_irqs: 64, preallocated irqs: 0
[    0.000000] GICv3: GIC: Using split EOI/Deactivate mode
[    0.000000] GICv3: 160 SPIs implemented
[    0.000000] GICv3: 0 Extended SPIs implemented
[    0.000000] Root IRQ handler: gic_handle_irq
[    0.000000] GICv3: GICv3 features: 16 PPIs
[    0.000000] GICv3: GICD_CTRL.DS=0, SCR_EL3.FIQ=1
[    0.000000] GICv3: CPU0: found redistributor 0 region 0:0x0000000038880000
[    0.000000] ITS: No ITS available, not enabling LPIs
[    0.000000] rcu: srcu_init: Setting srcu_struct sizes based on contention.
[    0.000000] arch_timer: cp15 timer(s) running at 8.00MHz (phys).
[    0.000000] clocksource: arch_sys_counter: mask: 0xffffffffffffff max_cycles: 0x1d854df40, max_idle_ns: 440795202120 ns
[    0.000001] sched_clock: 56 bits at 8MHz, resolution 125ns, wraps every 2199023255500ns
[    0.000604] Console: colour dummy device 80x25
[    0.000675] Calibrating delay loop (skipped), value calculated using timer frequency.. 16.00 BogoMIPS (lpj=32000)
[    0.000684] pid_max: default: 32768 minimum: 301
[    0.000747] LSM: initializing lsm=capability
[    0.000850] Mount-cache hash table entries: 8192 (order: 4, 65536 bytes, linear)
[    0.000866] Mountpoint-cache hash table entries: 8192 (order: 4, 65536 bytes, linear)
[    0.002815] rcu: Hierarchical SRCU implementation.
[    0.002822] rcu:     Max phase no-delay instances is 1000.
[    0.003015] Timer migration: 1 hierarchy levels; 8 children per group; 1 crossnode level
[    0.003543] EFI services will not be available.
[    0.003749] smp: Bringing up secondary CPUs ...
[    0.004270] Detected VIPT I-cache on CPU1
[    0.004330] GICv3: CPU1: found redistributor 1 region 0:0x00000000388a0000
[    0.004362] CPU1: Booted secondary processor 0x0000000001 [0x410fd034]
[    0.004905] Detected VIPT I-cache on CPU2
[    0.004955] GICv3: CPU2: found redistributor 2 region 0:0x00000000388c0000
[    0.004975] CPU2: Booted secondary processor 0x0000000002 [0x410fd034]
[    0.005487] Detected VIPT I-cache on CPU3
[    0.005532] GICv3: CPU3: found redistributor 3 region 0:0x00000000388e0000
[    0.005550] CPU3: Booted secondary processor 0x0000000003 [0x410fd034]
[    0.005651] smp: Brought up 1 node, 4 CPUs
[    0.005657] SMP: Total of 4 processors activated.
[    0.005660] CPU: All CPU(s) started at EL2
[    0.005663] CPU features: detected: 32-bit EL0 Support
[    0.005667] CPU features: detected: CRC32 instructions
[    0.005700] alternatives: applying system-wide alternatives
[    0.006424] Memory: 2483636K/4194304K available (21312K kernel code, 1628K rwdata, 8024K rodata, 4096K init, 745K bss, 723104K reserved, 983040K cma-reserved)
[    0.007496] devtmpfs: initialized
[    0.018746] clocksource: jiffies: mask: 0xffffffff max_cycles: 0xffffffff, max_idle_ns: 7645041785100000 ns
[    0.018765] futex hash table entries: 1024 (order: 4, 65536 bytes, linear)
[    0.043203] 23776 pages in range for non-PLT usage
[    0.043215] 515296 pages in range for PLT usage
[    0.043415] pinctrl core: initialized pinctrl subsystem
[    0.046479] DMI not present or invalid.
[    0.048770] NET: Registered PF_NETLINK/PF_ROUTE protocol family
[    0.049621] DMA: preallocated 512 KiB GFP_KERNEL pool for atomic allocations
[    0.049765] DMA: preallocated 512 KiB GFP_KERNEL|GFP_DMA pool for atomic allocations
[    0.049966] DMA: preallocated 512 KiB GFP_KERNEL|GFP_DMA32 pool for atomic allocations
[    0.050017] audit: initializing netlink subsys (disabled)
[    0.050175] audit: type=2000 audit(0.048:1): state=initialized audit_enabled=0 res=1
[    0.050611] thermal_sys: Registered thermal governor 'step_wise'
[    0.050615] thermal_sys: Registered thermal governor 'power_allocator'
[    0.050650] cpuidle: using governor menu
[    0.050837] hw-breakpoint: found 6 breakpoint and 4 watchpoint registers.
[    0.050924] ASID allocator initialised with 65536 entries
[    0.051232] Serial: AMBA PL011 UART driver
[    0.051325] imx mu driver is registered.
[    0.051349] imx rpmsg driver is registered.
[    0.059840] /soc@0: Fixed dependency cycle(s) with /soc@0/bus@30000000/efuse@30350000/unique-id@8
[    0.060487] /soc@0/bus@30800000/i2c@30a20000/tcpc@50: Fixed dependency cycle(s) with /soc@0/usb@32f10100/usb@38100000
[    0.060589] /soc@0/bus@30800000/i2c@30a30000/ap1302_mipi_0@3c: Fixed dependency cycle(s) with /soc@0/bus@32c00000/camera/csi@32e40000
[    0.061356] /soc@0/bus@32c00000/lcd-controller@32fc6000: Fixed dependency cycle(s) with /soc@0/bus@32c00000/hdmi@32fd8000
[    0.061511] /soc@0/bus@32c00000/hdmi@32fd8000: Fixed dependency cycle(s) with /soc@0/bus@32c00000/lcd-controller@32fc6000
[    0.061690] /soc@0/bus@32c00000/camera/csi@32e40000: Fixed dependency cycle(s) with /soc@0/bus@30800000/i2c@30a30000/ap1302_mipi_0@3c
[    0.061894] /soc@0/interrupt-controller@38800000: Fixed dependency cycle(s) with /soc@0/interrupt-controller@38800000
[    0.061986] /soc@0/usb@32f10100/usb@38100000: Fixed dependency cycle(s) with /soc@0/bus@30800000/i2c@30a20000/tcpc@50
[    0.064334] /soc@0/bus@30000000/pinctrl@30330000: Fixed dependency cycle(s) with /soc@0/bus@30000000/pinctrl@30330000/hoggrp
[    0.064782] imx8mp-pinctrl 30330000.pinctrl: initialized IMX pinctrl driver
[    0.065324] /soc@0/bus@30000000/efuse@30350000: Fixed dependency cycle(s) with /soc@0/bus@30000000/clock-controller@30380000
[    0.066634] /soc@0/bus@30000000/efuse@30350000: Fixed dependency cycle(s) with /soc@0/bus@30000000/clock-controller@30380000
[    0.067360] /soc@0/bus@30000000/clock-controller@30380000: Fixed dependency cycle(s) with /soc@0/interrupt-controller@38800000
[    0.070313] /soc@0/bus@30800000/i2c@30a20000/tcpc@50: Fixed dependency cycle(s) with /soc@0/usb@32f10100/usb@38100000
[    0.070433] /soc@0/bus@30800000/i2c@30a30000/ap1302_mipi_0@3c: Fixed dependency cycle(s) with /soc@0/bus@32c00000/camera/csi@32e40000
[    0.072871] /soc@0/bus@30800000/i2c@30a20000/tcpc@50: Fixed dependency cycle(s) with /soc@0/usb@32f10100/usb@38100000
[    0.073240] /soc@0/bus@30800000/i2c@30a30000/ap1302_mipi_0@3c: Fixed dependency cycle(s) with /soc@0/bus@32c00000/camera/csi@32e40000
[    0.079520] /soc@0/bus@32c00000/lcd-controller@32fc6000: Fixed dependency cycle(s) with /soc@0/bus@32c00000/hdmi@32fd8000
[    0.079625] /soc@0/bus@32c00000/hdmi@32fd8000: Fixed dependency cycle(s) with /soc@0/bus@32c00000/lcd-controller@32fc6000
[    0.079748] /soc@0/bus@32c00000/camera/csi@32e40000: Fixed dependency cycle(s) with /soc@0/bus@30800000/i2c@30a30000/ap1302_mipi_0@3c
[    0.081230] /soc@0/bus@32c00000/lcd-controller@32fc6000: Fixed dependency cycle(s) with /soc@0/bus@32c00000/hdmi@32fd8000
[    0.081597] /soc@0/bus@32c00000/lcd-controller@32fc6000: Fixed dependency cycle(s) with /soc@0/bus@32c00000/hdmi@32fd8000
[    0.081708] /soc@0/bus@32c00000/hdmi@32fd8000: Fixed dependency cycle(s) with /soc@0/bus@32c00000/lcd-controller@32fc6000
[    0.083103] /soc@0/bus@32c00000/camera/csi@32e40000: Fixed dependency cycle(s) with /soc@0/bus@30800000/i2c@30a30000/ap1302_mipi_0@3c
[    0.083570] /soc@0/bus@30800000/i2c@30a30000/ap1302_mipi_0@3c: Fixed dependency cycle(s) with /soc@0/bus@32c00000/camera/csi@32e40000
[    0.083662] /soc@0/bus@32c00000/camera/csi@32e40000: Fixed dependency cycle(s) with /soc@0/bus@30800000/i2c@30a30000/ap1302_mipi_0@3c
[    0.085390] /soc@0/usb@32f10100/usb@38100000: Fixed dependency cycle(s) with /soc@0/bus@30800000/i2c@30a20000/tcpc@50
[    0.091871] /soc@0/bus@30800000/i2c@30a20000/tcpc@50/connector: Fixed dependency cycle(s) with /cbtl04gp
[    0.091955] /cbtl04gp: Fixed dependency cycle(s) with /soc@0/bus@30800000/i2c@30a20000/tcpc@50/connector
[    0.092861] HugeTLB: registered 1.00 GiB page size, pre-allocated 0 pages
[    0.092867] HugeTLB: 0 KiB vmemmap can be freed for a 1.00 GiB page
[    0.092872] HugeTLB: registered 32.0 MiB page size, pre-allocated 0 pages
[    0.092877] HugeTLB: 0 KiB vmemmap can be freed for a 32.0 MiB page
[    0.092882] HugeTLB: registered 2.00 MiB page size, pre-allocated 0 pages
[    0.092886] HugeTLB: 0 KiB vmemmap can be freed for a 2.00 MiB page
[    0.092893] HugeTLB: registered 64.0 KiB page size, pre-allocated 0 pages
[    0.092896] HugeTLB: 0 KiB vmemmap can be freed for a 64.0 KiB page
[    0.095396] ACPI: Interpreter disabled.
[    0.096965] iommu: Default domain type: Translated
[    0.096974] iommu: DMA domain TLB invalidation policy: strict mode
[    0.097387] SCSI subsystem initialized
[    0.097746] usbcore: registered new interface driver usbfs
[    0.097781] usbcore: registered new interface driver hub
[    0.097812] usbcore: registered new device driver usb
[    0.099291] mc: Linux media interface: v0.10
[    0.099330] videodev: Linux video capture interface: v2.00
[    0.099393] pps_core: LinuxPPS API ver. 1 registered
[    0.099397] pps_core: Software ver. 5.3.6 - Copyright 2005-2007 Rodolfo Giometti <giometti@linux.it>
[    0.099412] PTP clock support registered
[    0.099444] EDAC MC: Ver: 3.0.0
[    0.099735] scmi_core: SCMI protocol bus registered
[    0.100161] FPGA manager framework
[    0.100248] Advanced Linux Sound Architecture Driver Initialized.
[    0.100940] Bluetooth: Core ver 2.22
[    0.100963] NET: Registered PF_BLUETOOTH protocol family
[    0.100967] Bluetooth: HCI device and connection manager initialized
[    0.100974] Bluetooth: HCI socket layer initialized
[    0.100979] Bluetooth: L2CAP socket layer initialized
[    0.100989] Bluetooth: SCO socket layer initialized
[    0.101459] vgaarb: loaded
[    0.102037] clocksource: Switched to clocksource arch_sys_counter
[    0.102248] VFS: Disk quotas dquot_6.6.0
[    0.102264] VFS: Dquot-cache hash table entries: 512 (order 0, 4096 bytes)
[    0.102485] pnp: PnP ACPI: disabled
[    0.109576] NET: Registered PF_INET protocol family
[    0.109742] IP idents hash table entries: 65536 (order: 7, 524288 bytes, linear)
[    0.112491] tcp_listen_portaddr_hash hash table entries: 2048 (order: 3, 32768 bytes, linear)
[    0.112533] Table-perturb hash table entries: 65536 (order: 6, 262144 bytes, linear)
[    0.112545] TCP established hash table entries: 32768 (order: 6, 262144 bytes, linear)
[    0.112790] TCP bind hash table entries: 32768 (order: 8, 1048576 bytes, linear)
[    0.113631] TCP: Hash tables configured (established 32768 bind 32768)
[    0.113732] UDP hash table entries: 2048 (order: 4, 65536 bytes, linear)
[    0.113815] UDP-Lite hash table entries: 2048 (order: 4, 65536 bytes, linear)
[    0.114003] NET: Registered PF_UNIX/PF_LOCAL protocol family
[    0.114434] RPC: Registered named UNIX socket transport module.
[    0.114439] RPC: Registered udp transport module.
[    0.114442] RPC: Registered tcp transport module.
[    0.114444] RPC: Registered tcp-with-tls transport module.
[    0.114447] RPC: Registered tcp NFSv4.1 backchannel transport module.
[    0.115514] PCI: CLS 0 bytes, default 64
[    0.116705] Initialise system trusted keyrings
[    0.116872] workingset: timestamp_bits=42 max_order=20 bucket_order=0
[    0.117134] squashfs: version 4.0 (2009/01/31) Phillip Lougher
[    0.117333] NFS: Registering the id_resolver key type
[    0.117357] Key type id_resolver registered
[    0.117361] Key type id_legacy registered
[    0.117380] nfs4filelayout_init: NFSv4 File Layout Driver Registering...
[    0.117385] nfs4flexfilelayout_init: NFSv4 Flexfile Layout Driver Registering...
[    0.117473] jffs2: version 2.2. (NAND) © 2001-2006 Red Hat, Inc.
[    0.117672] 9p: Installing v9fs 9p2000 file system support
[    0.171468] Key type asymmetric registered
[    0.171474] Asymmetric key parser 'x509' registered
[    0.171522] Block layer SCSI generic (bsg) driver version 0.4 loaded (major 243)
[    0.171528] io scheduler mq-deadline registered
[    0.171531] io scheduler kyber registered
[    0.171559] io scheduler bfq registered
[    0.176797] ledtrig-cpu: registered to indicate activity on CPUs
[    0.191549] mxs-dma 33000000.dma-apbh: initialized
[    0.192418] SoC: i.MX8MP revision 1.1
[    0.192885] Bus freq driver module loaded
[    0.217471] Serial: 8250/16550 driver, 4 ports, IRQ sharing enabled
[    0.221729] 30860000.serial: ttymxc0 at MMIO 0x30860000 (irq = 16, base_baud = 5000000) is a IMX
[    0.221869] serial serial0: tty port ttymxc0 registered
[    0.222466] 30880000.serial: ttymxc2 at MMIO 0x30880000 (irq = 17, base_baud = 5000000) is a IMX
[    0.223206] 30890000.serial: ttymxc1 at MMIO 0x30890000 (irq = 18, base_baud = 1500000) is a IMX
[    0.223244] printk: legacy console [ttymxc1] enabled
[    1.816665] loop: module loaded
[    1.821778] megasas: 07.727.03.00-rc1
[    1.833773] MACsec IEEE 802.1AE
[    1.841004] tun: Universal TUN/TAP device driver, 1.6
[    1.847545] thunder_xcv, ver 1.0
[    1.850847] thunder_bgx, ver 1.0
[    1.854131] nicpf, ver 1.0
[    1.859176] hns3: Hisilicon Ethernet Network Driver for Hip08 Family - version
[    1.866423] hns3: Copyright (c) 2017 Huawei Corporation.
[    1.871800] hclge is initializing
[    1.875162] e1000: Intel(R) PRO/1000 Network Driver
[    1.880051] e1000: Copyright (c) 1999-2006 Intel Corporation.
[    1.885853] e1000e: Intel(R) PRO/1000 Network Driver
[    1.890831] e1000e: Copyright(c) 1999 - 2015 Intel Corporation.
[    1.896813] igb: Intel(R) Gigabit Ethernet Network Driver
[    1.902260] igb: Copyright (c) 2007-2014 Intel Corporation.
[    1.907894] igbvf: Intel(R) Gigabit Virtual Function Network Driver
[    1.914174] igbvf: Copyright (c) 2009 - 2012 Intel Corporation.
[    1.920377] sky2: driver version 1.30
[    1.924921] usbcore: registered new device driver r8152-cfgselector
[    1.931246] usbcore: registered new interface driver r8152
[    1.937394] VFIO - User Level meta-driver version: 0.3
[    1.944585] /soc@0/bus@30800000/i2c@30a20000/tcpc@50: Fixed dependency cycle(s) with /soc@0/usb@32f10100/usb@38100000
[    1.955307] /soc@0/usb@32f10100/usb@38100000: Fixed dependency cycle(s) with /soc@0/bus@30800000/i2c@30a20000/tcpc@50
[    1.972199] usbcore: registered new interface driver uas
[    1.977582] usbcore: registered new interface driver usb-storage
[    1.983688] usbcore: registered new interface driver usbserial_generic
[    1.990258] usbserial: USB Serial support registered for generic
[    1.996308] usbcore: registered new interface driver ftdi_sio
[    2.002091] usbserial: USB Serial support registered for FTDI USB Serial Device
[    2.009446] usbcore: registered new interface driver usb_serial_simple
[    2.016010] usbserial: USB Serial support registered for carelink
[    2.022137] usbserial: USB Serial support registered for flashloader
[    2.028518] usbserial: USB Serial support registered for funsoft
[    2.034561] usbserial: USB Serial support registered for google
[    2.040517] usbserial: USB Serial support registered for hp4x
[    2.046304] usbserial: USB Serial support registered for kaufmann
[    2.052427] usbserial: USB Serial support registered for libtransistor
[    2.058990] usbserial: USB Serial support registered for moto_modem
[    2.065290] usbserial: USB Serial support registered for motorola_tetra
[    2.071939] usbserial: USB Serial support registered for nokia
[    2.077801] usbserial: USB Serial support registered for novatel_gps
[    2.084192] usbserial: USB Serial support registered for owon
[    2.089972] usbserial: USB Serial support registered for siemens_mpi
[    2.096361] usbserial: USB Serial support registered for suunto
[    2.102337] usbserial: USB Serial support registered for vivopay
[    2.108375] usbserial: USB Serial support registered for zio
[    2.114088] usbcore: registered new interface driver usb_ehset_test
[    2.124838] input: 30370000.snvs:snvs-powerkey as /devices/platform/soc@0/30000000.bus/30370000.snvs/30370000.snvs:snvs-powerkey/input/input0
[    2.140100] snvs_rtc 30370000.snvs:snvs-rtc-lp: registered as rtc0
[    2.146340] snvs_rtc 30370000.snvs:snvs-rtc-lp: setting system clock to 2026-01-13T11:25:39 UTC (1768303539)
[    2.156421] i2c_dev: i2c /dev entries driver
[    2.169285] Bluetooth: HCI UART driver ver 2.3
[    2.173783] Bluetooth: HCI UART protocol H4 registered
[    2.178943] Bluetooth: HCI UART protocol BCSP registered
[    2.184311] Bluetooth: HCI UART protocol LL registered
[    2.189466] Bluetooth: HCI UART protocol ATH3K registered
[    2.194899] Bluetooth: HCI UART protocol Three-wire (H5) registered
[    2.201326] Bluetooth: HCI UART protocol Broadcom registered
[    2.207031] Bluetooth: HCI UART protocol QCA registered
[    2.212503] EDAC MC: ECC not enabled
[    2.217777] sdhci: Secure Digital Host Controller Interface driver
[    2.223998] sdhci: Copyright(c) Pierre Ossman
[    2.229305] Synopsys Designware Multimedia Card Interface Driver
[    2.236466] sdhci-pltfm: SDHCI platform and OF driver helper
[    2.246468] SMCCC: SOC_ID: ARCH_SOC_ID not implemented, skipping ....
[    2.253648] usbcore: registered new interface driver usbhid
[    2.259245] usbhid: USB HID core driver
[    2.264297] mxc-mipi-csi2-sam 32e40000.csi: supply mipi-phy not found, using dummy regulator
[    2.273208] : mipi_csis_imx8mp_phy_reset, No remote pad found!
[    2.274359] mmc2: SDHCI controller on 30b60000.mmc [30b60000.mmc] using ADMA
[    2.279130] mxc-mipi-csi2-sam 32e40000.csi: lanes: 4, hs_settle: 13, clk_settle: 2, wclk: 1, freq: 500000000
[    2.298202] mxc-isi_v1 32e00000.isi: mxc_isi.0 registered successfully
[    2.309885] hw perfevents: enabled with armv8_cortex_a53 PMU driver, 7 (0,8000003f) counters available
[    2.323310]  cs_system_cfg: CoreSight Configuration manager initialised
[    2.331038] nvmem imx-ocotp0: cell mac-address raw len 6 unaligned to nvmem word size 4
[    2.339078] nvmem imx-ocotp0: cell mac-address raw len 6 unaligned to nvmem word size 4
[    2.347391] /soc@0: Fixed dependency cycle(s) with /soc@0/bus@30000000/efuse@30350000
[    2.349513] mmc2: new HS400 Enhanced strobe MMC card at address 0001
[    2.356965] optee: probing for conduit method.
[    2.363355] mmcblk2: mmc2:0001 BGUF4R 29.1 GiB
[    2.366103] optee: api uid mismatch
[    2.372704]  mmcblk2: p1 p2
[    2.374065] optee firmware:optee: probe with driver optee failed with error -22
[    2.377954] mmcblk2boot0: mmc2:0001 BGUF4R 31.9 MiB
[    2.387674] Galcore version 6.4.11.p4.1190909
[    2.390480] mmcblk2boot1: mmc2:0001 BGUF4R 31.9 MiB
[    2.399860] mmcblk2rpmb: mmc2:0001 BGUF4R 4.00 MiB, chardev (234:0)
[    2.410991] [drm] Initialized vivante 1.0.0 for 40000000.mix_gpu_ml on minor 0
[    2.419637] hantrodec 0 : module inserted. Major = 510
[    2.425397] hantrodec 1 : module inserted. Major = 510
[    2.432065] hantroenc: HW at base <0000000038320000> with ID <0x80006200>
[    2.439006] hx280enc: module inserted. Major <509>
[    2.447532] NET: Registered PF_LLC protocol family
[    2.452372] GACT probability NOT on
[    2.455914] Mirror/redirect action on
[    2.459614] u32 classifier
[    2.462336]     input device check on
[    2.465998]     Actions configured
[    2.470361] NET: Registered PF_INET6 protocol family
[    2.476867] Segment Routing with IPv6
[    2.480587] In-situ OAM (IOAM) with IPv6
[    2.484573] NET: Registered PF_PACKET protocol family
[    2.489652] bridge: filtering via arp/ip/ip6tables is no longer available by default. Update your scripts to load br_netfilter if you need this.
[    2.504054] Bluetooth: RFCOMM TTY layer initialized
[    2.508959] Bluetooth: RFCOMM socket layer initialized
[    2.514130] Bluetooth: RFCOMM ver 1.11
[    2.517887] Bluetooth: BNEP (Ethernet Emulation) ver 1.3
[    2.523208] Bluetooth: BNEP filters: protocol multicast
[    2.528448] Bluetooth: BNEP socket layer initialized
[    2.533423] Bluetooth: HIDP (Human Interface Emulation) ver 1.2
[    2.539357] Bluetooth: HIDP socket layer initialized
[    2.545073] 8021q: 802.1Q VLAN Support v1.8
[    2.549307] 9pnet: Installing 9P2000 support
[    2.553712] Key type dns_resolver registered
[    2.558439] NET: Registered PF_VSOCK protocol family
[    2.588109] registered taskstats version 1
[    2.592347] Loading compiled-in X.509 certificates
[    2.606873] Demotion targets for Node 0: null
[    2.626937] gpio gpiochip0: Static allocation of GPIO base is deprecated, use dynamic allocation.
[    2.637438] gpio gpiochip1: Static allocation of GPIO base is deprecated, use dynamic allocation.
[    2.647957] gpio gpiochip2: Static allocation of GPIO base is deprecated, use dynamic allocation.
[    2.658499] gpio gpiochip3: Static allocation of GPIO base is deprecated, use dynamic allocation.
[    2.668996] gpio gpiochip4: Static allocation of GPIO base is deprecated, use dynamic allocation.
[    2.686681] pca953x 0-0020: using no AI
[    2.701014] pca953x 0-0021: using no AI
[    2.707951] /soc@0/usb@32f10100/usb@38100000: Fixed dependency cycle(s) with /soc@0/bus@30800000/i2c@30a20000/tcpc@50
[    2.718725] /soc@0/bus@30800000/i2c@30a20000/tcpc@50: Fixed dependency cycle(s) with /soc@0/usb@32f10100/usb@38100000
[    2.729487] /soc@0/bus@30800000/i2c@30a20000/tcpc@50/connector: Fixed dependency cycle(s) with /cbtl04gp
[    2.746456] i2c i2c-0: IMX I2C adapter registered
[    2.753362] adp5585 1-0034: error -ENXIO: Failed to read device ID
[    2.760101] nxp-pca9450 0-0025: pca9450bc probed.
[    2.760406] i2c i2c-1: IMX I2C adapter registered
[    2.771459] i2c i2c-2: IMX I2C adapter registered
[    2.777131] imx8mq-usb-phy 381f0040.usb-phy: supply vbus not found, using dummy regulator
[    2.785787] imx8mq-usb-phy 382f0040.usb-phy: supply vbus not found, using dummy regulator
[    2.803271] imx6q-pcie 33800000.pcie: host bridge /soc@0/pcie@33800000 ranges:
[    2.810599] imx6q-pcie 33800000.pcie:       IO 0x001ff80000..0x001ff8ffff -> 0x0000000000
[    2.818844] imx6q-pcie 33800000.pcie:      MEM 0x0018000000..0x001fefffff -> 0x0018000000
[    2.821485] dwhdmi-imx 32fd8000.hdmi: Detected HDMI TX controller v2.13a with HDCP (samsung_dw_hdmi_phy2)
[    2.837721] dwhdmi-imx 32fd8000.hdmi: registered DesignWare HDMI I2C bus driver
[    2.847957] imx-drm display-subsystem: bound imx-lcdifv3-crtc.0 (ops lcdifv3_crtc_ops)
[    2.855945] imx-drm display-subsystem: bound 32fd8000.hdmi (ops dw_hdmi_imx_ops)
[    2.863710] [drm] Initialized imx-drm 1.0.0 for display-subsystem on minor 1
[    2.870851] imx-drm display-subsystem: [drm] Cannot find any crtc or sizes
[    2.877793] imx-drm display-subsystem: [drm] Cannot find any crtc or sizes
[    2.991963] fec 30be0000.ethernet eth0: registered PHC device 0
[    2.998990] imx-dwmac 30bf0000.ethernet: IRQ eth_lpi not found
[    3.004853] imx-dwmac 30bf0000.ethernet: IRQ sfty not found
[    3.011438] imx-dwmac 30bf0000.ethernet: User ID: 0x10, Synopsys ID: 0x51
[    3.018257] imx-dwmac 30bf0000.ethernet:     DWMAC4/5
[    3.023076] imx-dwmac 30bf0000.ethernet: DMA HW capability register supported
[    3.030234] imx-dwmac 30bf0000.ethernet: RX Checksum Offload Engine supported
[    3.037383] imx-dwmac 30bf0000.ethernet: Wake-Up On Lan supported
[    3.043560] imx-dwmac 30bf0000.ethernet: Enable RX Mitigation via HW Watchdog Timer
[    3.044038] imx6q-pcie 33800000.pcie: iATU: unroll T, 4 ob, 4 ib, align 64K, limit 16G
[    3.051238] imx-dwmac 30bf0000.ethernet: Enabled L3L4 Flow TC (entries=8)
[    3.065957] imx-dwmac 30bf0000.ethernet: Enabled RFS Flow TC (entries=10)
[    3.072764] imx-dwmac 30bf0000.ethernet: Enabling HW TC (entries=256, max_off=256)
[    3.080353] imx-dwmac 30bf0000.ethernet: Using 34/40 bits DMA host/device width
[    3.200560] Hot alarm is canceled. GPU3D clock will return to 64/64
[    3.207962] imx-cpufreq-dt imx-cpufreq-dt: cpu speed grade 5 mkt segment 0 supported-hw 0x20 0x1
[    3.221092] sdhci-esdhc-imx 30b50000.mmc: Got CD GPIO
[    3.238737] xhci-hcd xhci-hcd.1.auto: xHCI Host Controller
[    3.244312] xhci-hcd xhci-hcd.1.auto: new USB bus registered, assigned bus number 1
[    3.252372] xhci-hcd xhci-hcd.1.auto: hcc params 0x0220fe6d hci version 0x110 quirks 0x000080a001000010
[    3.256940] mmc1: SDHCI controller on 30b50000.mmc [30b50000.mmc] using ADMA
[    3.261882] xhci-hcd xhci-hcd.1.auto: irq 225, io mem 0x38200000
[    3.268853] imx6q-pcie 33800000.pcie: PCIe Gen.3 x1 link up
[    3.274939] xhci-hcd xhci-hcd.1.auto: xHCI Host Controller
[    3.280941] imx6q-pcie 33800000.pcie: PCI host bridge to bus 0000:00
[    3.285933] xhci-hcd xhci-hcd.1.auto: new USB bus registered, assigned bus number 2
[    3.292273] pci_bus 0000:00: root bus resource [bus 00-ff]
[    3.299931] xhci-hcd xhci-hcd.1.auto: Host supports USB 3.0 SuperSpeed
[    3.305420] pci_bus 0000:00: root bus resource [io  0x0000-0xffff]
[    3.312378] hub 1-0:1.0: USB hub found
[    3.318133] pci_bus 0000:00: root bus resource [mem 0x18000000-0x1fefffff]
[    3.321900] hub 1-0:1.0: 1 port detected
[    3.328782] pci 0000:00:00.0: [16c3:abcd] type 01 class 0x060400 PCIe Root Port
[    3.332898] usb usb2: We don't know the algorithms for LPM for this host, disabling LPM.
[    3.340002] pci 0000:00:00.0: BAR 0 [mem 0x00000000-0x000fffff]
[    3.348411] hub 2-0:1.0: USB hub found
[    3.354003] pci 0000:00:00.0: ROM [mem 0x00000000-0x0000ffff pref]
[    3.357774] hub 2-0:1.0: 1 port detected
[    3.363927] pci 0000:00:00.0: PCI bridge to [bus 01-ff]
[    3.369947] sdhci-esdhc-imx 30b40000.mmc: allocated mmc-pwrseq
[    3.373086] pci 0000:00:00.0:   bridge window [io  0x0000-0x0fff]
[    3.373096] pci 0000:00:00.0:   bridge window [mem 0x00000000-0x000fffff]
[    3.373589] input: sw-keys as /devices/platform/sw-keys/input/input1
[    3.376431] isi-m2m 32e00000.isi:m2m_device: Register m2m success for ISI.0
[    3.377059] cfg80211: Loading compiled-in X.509 certificates for regulatory database
[    3.379687] Loaded X.509 cert 'sforshee: 00b28ddf47aef9cea7'
[    3.385053] pci 0000:00:00.0:   bridge window [mem 0x00000000-0x000fffff pref]
[    3.392388] Loaded X.509 cert 'wens: 61c038651aabdcf94bd0ac7ff06c7248db18c600'
[    3.398221] pci 0000:00:00.0: supports D1
[    3.405236] platform regulatory.0: Direct firmware load for regulatory.db failed with error -2
[    3.406085] clk: Disabling unused clocks
[    3.410830] PM: genpd: Disabling unused power domains
[    3.410906] ALSA device list:
[    3.410910]   No soundcards found.
[    3.412901] pci 0000:00:00.0: PME# supported from D0 D1 D3hot D3cold
[    3.415192] pci 0000:01:00.0: Setting PCI class for LA9310 PCIe device
[    3.418568] platform regulatory.0: Falling back to sysfs fallback for: regulatory.db
[    3.425793] pci 0000:01:00.0: quirk_la9310_cc+0x0/0x54 took 10354 usecs
[    3.430073] mmc0: SDHCI controller on 30b40000.mmc [30b40000.mmc] using ADMA
[    3.453936] mmc1: host does not support reading read-only switch, assuming write-enable
[    3.454659] pci 0000:01:00.0: [1957:1c12] type 00 class 0x000280 PCIe Endpoint
[    3.476865] mmc1: new ultra high speed SDR104 SDHC card at address 0001
[    3.481687] pci 0000:01:00.0: reg 0x10: forcing BAR0 readback 0xf0000000 to 0xfc000000 (i.e.64MB)
[    3.488788] mmcblk1: mmc1:0001 SD16G 14.9 GiB
[    3.488984] mmc0: new ultra high speed SDR104 SDIO card at address 0001
[    3.495312] pci 0000:01:00.0: BAR 0 [mem 0x00000000-0x03ffffff]
[    3.505068]  mmcblk1: p1 p2 p3
[    3.510560] pci 0000:01:00.0: BAR 1 [mem 0x00000000-0x0001ffff]
[    3.552247] pci 0000:01:00.0: BAR 2 [mem 0x00000000-0x007fffff 64bit pref]
[    3.559203] pci 0000:01:00.0: ROM [mem 0x00000000-0x00ffffff pref]
[    3.565549] pci 0000:01:00.0: PME# supported from D0 D3hot
[    3.578403] pci 0000:00:00.0: bridge window [mem 0x18000000-0x1dffffff]: assigned
[    3.585909] pci 0000:00:00.0: bridge window [mem 0x1e000000-0x1f7fffff pref]: assigned
[    3.593839] pci 0000:00:00.0: BAR 0 [mem 0x1f800000-0x1f8fffff]: assigned
[    3.600650] pci 0000:00:00.0: ROM [mem 0x1f900000-0x1f90ffff pref]: assigned
[    3.607713] pci 0000:01:00.0: BAR 0 [mem 0x18000000-0x1bffffff]: assigned
[    3.614516] pci 0000:01:00.0: BAR 0: error updating (0x18000000 != 0x10000000)
[    3.621743] pci 0000:01:00.0: ROM [mem 0x1e000000-0x1effffff pref]: assigned
[    3.628816] pci 0000:01:00.0: BAR 2 [mem 0x1f000000-0x1f7fffff 64bit pref]: assigned
[    3.636585] pci 0000:01:00.0: BAR 1 [mem 0x1c000000-0x1c01ffff]: assigned
[    3.643398] pci 0000:00:00.0: PCI bridge to [bus 01-ff]
[    3.648634] pci 0000:00:00.0:   bridge window [mem 0x18000000-0x1dffffff]
[    3.655437] pci 0000:00:00.0:   bridge window [mem 0x1e000000-0x1f7fffff pref]
[    3.662669] pci_bus 0000:00: resource 4 [io  0x0000-0xffff]
[    3.668249] pci_bus 0000:00: resource 5 [mem 0x18000000-0x1fefffff]
[    3.674533] pci_bus 0000:01: resource 1 [mem 0x18000000-0x1dffffff]
[    3.680812] pci_bus 0000:01: resource 2 [mem 0x1e000000-0x1f7fffff pref]
[    3.687883] pcieport 0000:00:00.0: PME: Signaling with IRQ 228
[    3.693835] pci 0000:01:00.0: quirk_la9310_config_mem board_type: i.MX8MP/i.MX8MM
[    3.701357] pci 0000:01:00.0: enabling device (0000 -> 0002)
[    3.707098] pci 0000:01:00.0: quirk_la9310_config_mem+0x0/0x238 took 12954 usecs
[    3.726616] EXT4-fs (mmcblk1p3): mounted filesystem 7554c8f1-021d-4aef-b71e-863c08c27d16 r/w with ordered data mode. Quota mode: none.
[    3.738770] VFS: Mounted root (ext4 filesystem) on device 179:99.
[    3.747749] devtmpfs: mounted
[    3.751498] Freeing unused kernel memory: 4096K
[    3.756092] Run /sbin/init as init process
[    4.218138] systemd[1]: systemd 257.9-1~deb13u1 running in system mode (+PAM +AUDIT +SELINUX +APPARMOR +IMA +IPE +SMACK +SECCOMP +GCRYPT -GNUTLS +OPENSSL +ACL +BLKID +CURL +ELFUTILS +FIDO2 +IDN2 -IDN +IPTC +KMOD +LIBCRYPTSETUP +LIBCRYPTSETUP_PLUGINS +LIBFDISK +PCRE2 +PWQUALITY +P11KIT +QRENCODE +TPM2 +BZIP2 +LZ4 +XZ +ZLIB +ZSTD +BPF_FRAMEWORK +BTF -XKBCOMMON -UTMP +SYSVINIT +LIBARCHIVE)
[    4.252430] systemd[1]: Detected architecture arm64.

Welcome to Debian GNU/Linux 13 (trixie)!

[    4.285559] systemd[1]: Hostname set to <imx8mpfrdm>.
[    4.553528] systemd[1]: bpf-restrict-fs: BPF LSM hook not enabled in the kernel, BPF LSM not supported.
[    5.160035] systemd[1]: Queued start job for default target graphical.target.
[    5.203343] systemd[1]: Created slice system-getty.slice - Slice /system/getty.
[  OK  ] Created slice system-getty.slice - Slice /system/getty.
[    5.228043] systemd[1]: Created slice system-modprobe.slice - Slice /system/modprobe.
[  OK  ] Created slice system-modprobe.slice - Slice /system/modprobe.
[    5.252011] systemd[1]: Created slice system-serial\x2dgetty.slice - Slice /system/serial-getty.
[  OK  ] Created slice system-serial\x2dget…slice - Slice /system/serial-getty.
[    5.275363] systemd[1]: Created slice user.slice - User and Session Slice.
[  OK  ] Created slice user.slice - User and Session Slice.
[    5.294418] systemd[1]: Started systemd-ask-password-console.path - Dispatch Password Requests to Console Directory Watch.
[  OK  ] Started systemd-ask-password-conso…equests to Console Directory Watch.
[    5.318376] systemd[1]: Started systemd-ask-password-wall.path - Forward Password Requests to Wall Directory Watch.
[  OK  ] Started systemd-ask-password-wall.…d Requests to Wall Directory Watch.
[    5.342645] systemd[1]: proc-sys-fs-binfmt_misc.automount - Arbitrary Executable File Formats File System Automount Point was skipped because of an unmet condition check (ConditionPathExists=/proc/sys/fs/binfmt_misc).
[    5.362095] systemd[1]: Expecting device dev-disk-by\x2duuid-624fc45b\x2da04b\x2d4799\x2d9553\x2dc025498ea6e9.device - /dev/disk/by-uuid/624fc45b-a04b-4799-9553-c025498ea6e9...
         Expecting device dev-disk-by\x2duu…c45b-a04b-4799-9553-c025498ea6e9...
[    5.390124] systemd[1]: Expecting device dev-ttymxc1.device - /dev/ttymxc1...
         Expecting device dev-ttymxc1.device - /dev/ttymxc1...
[    5.410325] systemd[1]: Reached target nss-user-lookup.target - User and Group Name Lookups.
[  OK  ] Reached target nss-user-lookup.target - User and Group Name Lookups.
[    5.430426] systemd[1]: Reached target slices.target - Slice Units.
[  OK  ] Reached target slices.target - Slice Units.
[    5.446546] systemd[1]: Reached target swap.target - Swaps.
[  OK  ] Reached target swap.target - Swaps.
[    5.495034] systemd[1]: Listening on rpcbind.socket - RPCbind Server Activation Socket.
[  OK  ] Listening on rpcbind.socket - RPCbind Server Activation Socket.
[    5.519433] systemd[1]: Listening on systemd-creds.socket - Credential Encryption/Decryption.
[  OK  ] Listening on systemd-creds.socket - Credential Encryption/Decryption.
[    5.542593] systemd[1]: Listening on systemd-initctl.socket - initctl Compatibility Named Pipe.
[  OK  ] Listening on systemd-initctl.socke…- initctl Compatibility Named Pipe.
[    5.566662] systemd[1]: Listening on systemd-journald-dev-log.socket - Journal Socket (/dev/log).
[  OK  ] Listening on systemd-journald-dev-…socket - Journal Socket (/dev/log).
[    5.590668] systemd[1]: Listening on systemd-journald.socket - Journal Sockets.
[  OK  ] Listening on systemd-journald.socket - Journal Sockets.
[    5.610716] systemd[1]: Listening on systemd-networkd.socket - Network Service Netlink Socket.
[  OK  ] Listening on systemd-networkd.socket - Network Service Netlink Socket.
[    5.634232] systemd[1]: systemd-pcrextend.socket - TPM PCR Measurements was skipped because of an unmet condition check (ConditionSecurity=measured-uki).
[    5.648124] systemd[1]: systemd-pcrlock.socket - Make TPM PCR Policy was skipped because of an unmet condition check (ConditionSecurity=measured-uki).
[    5.662274] systemd[1]: Listening on systemd-udevd-control.socket - udev Control Socket.
[  OK  ] Listening on systemd-udevd-control.socket - udev Control Socket.
[    5.682697] systemd[1]: Listening on systemd-udevd-kernel.socket - udev Kernel Socket.
[  OK  ] Listening on systemd-udevd-kernel.socket - udev Kernel Socket.
[    5.706643] systemd[1]: Mounting dev-hugepages.mount - Huge Pages File System...
         Mounting dev-hugepages.mount - Huge Pages File System...
[    5.728676] systemd[1]: Mounting dev-mqueue.mount - POSIX Message Queue File System...
         Mounting dev-mqueue.mount - POSIX Message Queue File System...
[    5.775603] systemd[1]: Mounting run-lock.mount - Legacy Locks Directory /run/lock...
         Mounting run-lock.mount - Legacy Locks Directory /run/lock...
[    5.800891] systemd[1]: Mounting sys-kernel-debug.mount - Kernel Debug File System...
         Mounting sys-kernel-debug.mount - Kernel Debug File System...
[    5.822509] systemd[1]: sys-kernel-tracing.mount - Kernel Trace File System was skipped because of an unmet condition check (ConditionPathExists=/sys/kernel/tracing).
[    5.843632] systemd[1]: Mounting tmp.mount - Temporary Directory /tmp...
         Mounting tmp.mount - Temporary Directory /tmp...
[    5.867020] systemd[1]: auth-rpcgss-module.service - Kernel Module supporting RPCSEC_GSS was skipped because of an unmet condition check (ConditionPathExists=/etc/krb5.keytab).
[    5.883269] systemd[1]: kmod-static-nodes.service - Create List of Static Device Nodes was skipped because of an unmet condition check (ConditionFileNotEmpty=/lib/modules/6.12.49-gdf24f9428e38-dirty/modules.devname).
[    5.905906] systemd[1]: Starting modprobe@configfs.service - Load Kernel Module configfs...
         Starting modprobe@configfs.service - Load Kernel Module configfs...
[    5.943354] systemd[1]: Starting modprobe@drm.service - Load Kernel Module drm...
         Starting modprobe@drm.service - Load Kernel Module drm...
[    5.996031] systemd[1]: Starting modprobe@efi_pstore.service - Load Kernel Module efi_pstore...
         Starting modprobe@efi_pstore.servi… - Load Kernel Module efi_pstore...
[    6.056030] systemd[1]: Starting modprobe@fuse.service - Load Kernel Module fuse...
         Starting modprobe@fuse.service - Load Kernel Module fuse...
[    6.074564] systemd[1]: systemd-fsck-root.service - File System Check on Root Device was skipped because of an unmet condition check (ConditionPathIsReadWrite=!/).
[    6.089326] systemd[1]: systemd-hibernate-clear.service - Clear Stale Hibernate Storage Info was skipped because of an unmet condition check (ConditionPathExists=/sys/firmware/efi/efivars/HibernateLocation-8cf2644b-4b0b-428f-9387-6d876050dc67).
[    6.142826] systemd[1]: Starting systemd-journald.service - Journal Service...
         Starting systemd-journald.service - Journal Service...
[    6.166516] systemd[1]: Starting systemd-network-generator.service - Generate network units from Kernel command line...
         Starting systemd-network-generator…k units from Kernel command line...
[    6.190203] systemd[1]: systemd-pcrmachine.service - TPM PCR Machine ID Measurement was skipped because of an unmet condition check (ConditionSecurity=measured-uki).
[    6.212551] systemd[1]: Starting systemd-remount-fs.service - Remount Root and Kernel File Systems...
         Starting systemd-remount-fs.servic…unt Root and Kernel File Systems...
[    6.241249] systemd[1]: Starting systemd-tmpfiles-setup-dev-early.service - Create Static Device Nodes in /dev gracefully...
         Starting systemd-tmpfiles-setup-de… Device Nodes in /dev gracefully...
[    6.266532] systemd[1]: systemd-tpm2-setup-early.service - Early TPM SRK Setup was skipped because of an unmet condition check (ConditionSecurity=measured-uki).
[    6.284320] systemd[1]: Starting systemd-udev-load-credentials.service - Load udev Rules from Credentials...
         Starting systemd-udev-load-credent…    6.297603] systemd-journald[165]: Collecting audit messages is disabled.
mLoad udev Rules from Credentials...
[    6.310434] EXT4-fs (mmcblk1p3): re-mounted 7554c8f1-021d-4aef-b71e-863c08c27d16.
[    6.324873] systemd[1]: Starting systemd-udev-trigger.service - Coldplug All udev Devices...
         Starting systemd-udev-trigger.service - Coldplug All udev Devices...
[    6.353746] systemd[1]: Mounted dev-hugepages.mount - Huge Pages File System.
[  OK  ] Mounted dev-hugepages.mount - Huge Pages File System.
[    6.374684] systemd[1]: Mounted dev-mqueue.mount - POSIX Message Queue File System.
[  OK  ] Mounted dev-mqueue.mount - POSIX Message Queue File System.
[    6.394709] systemd[1]: Mounted run-lock.mount - Legacy Locks Directory /run/lock.
[  OK  ] Mounted run-lock.mount - Legacy Locks Directory /run/lock.
[    6.414625] systemd[1]: Started systemd-journald.service - Journal Service.
[  OK  ] Started systemd-journald.service - Journal Service.
[  OK  ] Mounted sys-kernel-debug.mount - Kernel Debug File System.
[  OK  ] Mounted tmp.mount - Temporary Directory /tmp.
[  OK  ] Finished modprobe@configfs.service - Load Kernel Module configfs.
[  OK  ] Finished modprobe@drm.service - Load Kernel Module drm.
[  OK  ] Finished modprobe@efi_pstore.service - Load Kernel Module efi_pstore.
[  OK  ] Finished modprobe@fuse.service - Load Kernel Module fuse.
[  OK  ] Finished systemd-network-generator…ork units from Kernel command line.
[  OK  ] Finished systemd-remount-fs.servic…mount Root and Kernel File Systems.
[  OK  ] Finished systemd-tmpfiles-setup-de…ic Device Nodes in /dev gracefully.
[  OK  ] Finished systemd-udev-load-credent…- Load udev Rules from Credentials.
[  OK  ] Reached target network-pre.target - Preparation for Network.
         Mounting sys-kernel-config.mount - Kernel Configuration File System...
         Starting systemd-journal-flush.ser…sh Journal to Persistent Storage...
         Starting systemd-random-seed.service - Load/Save OS Random Seed...
[    6.696762] systemd-journald[165]: Received client request to flush runtime journal.
         Starting systemd-timesyncd.service - Network Time Synchronization...
         Starting systemd-tmpfiles-setup-de…eate Static Device Nodes in /dev...
[  OK  ] Mounted sys-kernel-config.mount - Kernel Configuration File System.
[  OK  ] Finished systemd-tmpfiles-setup-de…Create Static Device Nodes in /dev.
[  OK  ] Reached target local-fs-pre.target…Preparation for Local File Systems.
         Starting systemd-udevd.service - R…ager for Device Events and Files...
[  OK  ] Started systemd-timesyncd.service - Network Time Synchronization.
[  OK  ] Reached target time-set.target - System Time Set.
[  OK  ] Finished systemd-udev-trigger.service - Coldplug All udev Devices.
[  OK  ] Started systemd-udevd.service - Ru…anager for Device Events and Files.
[  OK  ] Found device dev-ttymxc1.device - /dev/ttymxc1.
[    8.059741] cfg80211: failed to load regulatory.db
[  OK  ] Reached target usb-gadget.target - Hardware activated USB gadget.
[    8.475462] imx-sdma 30bd0000.dma-controller: firmware found.
[    8.475462] imx-sdma 30e10000.dma-controller: firmware found.
[    8.475640] imx-sdma 30bd0000.dma-controller: loaded firmware 4.6
[  OK  ] Finished systemd-journal-flush.ser…lush Journal to Persistent Storage.
[  OK  ] Found device dev-disk-by\x2duuid-6…4fc45b-a04b-4799-9553-c025498ea6e9.
         Mounting boot.mount - Boot Partition...
[    9.876546] EXT4-fs (mmcblk1p1): mounted filesystem 624fc45b-a04b-4799-9553-c025498ea6e9 r/w with ordered data mode. Quota mode: none.
[  OK  ] Mounted boot.mount - Boot Partition.
[  OK  ] Reached target local-fs.target - Local File Systems.
[  OK  ] Listening on systemd-sysext.socket… System Extension Image Management.
         Starting systemd-modules-load.service - Load Kernel Modules...
         Starting systemd-tmpfiles-setup.se…ate System Files and Directories...
[  OK  ] Finished systemd-modules-load.service - Load Kernel Modules.
         Starting systemd-sysctl.service - Apply Kernel Variables...
[  OK  ] Finished systemd-tmpfiles-setup.se…reate System Files and Directories.
         Mounting run-rpc_pipefs.mount - RPC Pipe File System...
         Starting rpcbind.service - RPC bind portmap service...
[  OK  ] Finished systemd-sysctl.service - Apply Kernel Variables.
[  OK  ] Mounted run-rpc_pipefs.mount - RPC Pipe File System.
[  OK  ] Reached target rpc_pipefs.target.
[  OK  ] Reached target sysinit.target - System Initialization.
[  OK  ] Started cups.path - CUPS Scheduler.
[  OK  ] Started apt-daily.timer - Daily apt download activities.
[  OK  ] Started apt-daily-upgrade.timer - …y apt upgrade and clean activities.
[  OK  ] Started dpkg-db-backup.timer - Daily dpkg database backup timer.
[  OK  ] Started e2scrub_all.timer - Period…Metadata Check for All Filesystems.
[  OK  ] Started fstrim.timer - Discard unused filesystem blocks once a week.
[  OK  ] Started logrotate.timer - Daily rotation of log files.
[  OK  ] Started man-db.timer - Daily man-db regeneration.
[  OK  ] Started sysstat-collect.timer - Ru…y accounting tool every 10 minutes.
[  OK  ] Started sysstat-rotate.timer - Rot…tem activity data file at midnight.
[  OK  ] Started sysstat-summary.timer - Ge… of yesterday's process accounting.
[  OK  ] Started systemd-tmpfiles-clean.tim…y Cleanup of Temporary Directories.
[  OK  ] Reached target paths.target - Path Units.
[  OK  ] Reached target timers.target - Timer Units.
[  OK  ] Listening on cups.socket - CUPS Scheduler.
[  OK  ] Listening on dbus.socket - D-Bus System Message Bus Socket.
[  OK  ] Listening on sshd-unix-local.socke…temd-ssh-generator, AF_UNIX Local).
[  OK  ] Listening on systemd-hostnamed.socket - Hostname Service Socket.
         Starting weston.socket - Weston socket...
         Starting nfs-blkmap.service - pNFS block layout mapping daemon...
[  OK  ] Reached target nfs-client.target - NFS client services.
         Starting systemd-networkd.service - Network Configuration...
         Starting wtmpdb-update-boot.servic…t and shutdown times into wtmpdb...
[  OK  ] Started rpcbind.service - RPC bind portmap service.
[  OK  ] Listening on weston.socket - Weston socket.
[  OK  ] Started nfs-blkmap.service - pNFS block layout mapping daemon.
[  OK  ] Reached target remote-fs-pre.targe…reparation for Remote File Systems.
[  OK  ] Reached target remote-fs.target - Remote File Systems.
[  OK  ] Reached target rpcbind.target - RPC Port Mapper.
[  OK  ] Reached target sockets.target - Socket Units.
[  OK  ] Reached target basic.target - Basic System.
         Starting accounts-daemon.service - Accounts Service...
[  OK  ] Started cron.service - Regular background program processing daemon.
         Starting dbus.service - D-Bus System Message Bus...
         Starting e2scrub_reap.service - Re…ne ext4 Metadata Check Snapshots...
[  OK  ] Started firmwared.service - Linux Firmware Loader Daemon.
         Starting lm-sensors.service - Init…lize hardware monitoring sensors...
[  OK  ] Started    10.778878] YT8521 Gigabit Ethernet 30be0000.ethernet-1:01: attached PHY driver (mii_bus:phy_addr=30be0000.ethernet-1:01, irq=POLL)
;39mseatd.service - Seat management daemon.
         Starting sysstat.service - Resets System Activity Logs...
[   10.819171] imx-dwmac 30bf0000.ethernet eth1: Register MEM_TYPE_PAGE_POOL RxQ-0
[   10.827167] imx-dwmac 30bf0000.ethernet eth1: Register MEM_TYPE_PAGE_POOL RxQ-1
[   10.835155] imx-dwmac 30bf0000.ethernet eth1: Register MEM_TYPE_PAGE_POOL RxQ-2
[   10.843137] imx-dwmac 30bf0000.ethernet eth1: Register MEM_TYPE_PAGE_POOL RxQ-3
[   10.851002] imx-dwmac 30bf0000.ethernet eth1: Register MEM_TYPE_PAGE_POOL RxQ-4
[   10.864763] imx-dwmac 30bf0000.ethernet eth1: PHY [stmmac-1:02] driver [YT8521 Gigabit Ethernet] (irq=POLL)
         Starting systemd-logind.service - User Login Management...
[   10.886125] imx-dwmac 30bf0000.ethernet eth1: No Safety Features support found
         Starting udisks2.service - Disk Mana[   10.898109] imx-dwmac 30bf0000.ethernet eth1: IEEE 1588-2008 Advanced Timestamp supported
ger...
[   10.912791] imx-dwmac 30bf0000.ethernet eth1: registered PTP clock
[   10.923997] imx-dwmac 30bf0000.ethernet eth1: configuring for phy/rgmii-id link mode
[  OK  ] Started    10.933396] 8021q: adding VLAN 0 to HW filter on device eth1
;39msystemd-networkd.service - Network Configuration.
[  OK  ] Finished sysstat.service - Resets System Activity Logs.
         Starting systemd-networkd-persiste…tent Storage in systemd-networkd...
[  OK  ] Finished systemd-networkd-persiste…istent Storage in systemd-networkd.
[  OK  ] Finished lm-sensors.service - Initialize hardware monitoring sensors.
[  OK  ] Finished e2scrub_reap.service - Re…line ext4 Metadata Check Snapshots.
[  OK  ] Started systemd-logind.service - User Login Management.
[   11.282366] random: crng init done
[  OK  ] Finished systemd-random-seed.service - Load/Save OS Random Seed.
[  OK  ] Started dbus.service - D-Bus System Message Bus.
         Starting NetworkManager.service - Network Manager...
[  OK  ] Finished wtmpdb-update-boot.servic…oot and shutdown times into wtmpdb.
         Starting polkit.service - Authorization Manager...
         Starting systemd-hostnamed.service - Hostname Service...
[  OK  ] Started polkit.service - Authorization Manager.
[  OK  ] Started accounts-daemon.service - Accounts Service.
[  OK  ] Started systemd-hostnamed.service - Hostname Service.
[  OK  ] Started udisks2.service - Disk Manager.
         Starting NetworkManager-dispatcher…anager Script Dispatcher Service...
[  OK  ] Started NetworkManager.service - Network Manager.
[  OK  ] Reached target network.target - Network.
[  OK  ] Reached target network-online.target - Network is Online.
         Starting cups.service - CUPS Scheduler...
         Starting mosquitto.service - Mosquitto MQTT Broker...
         Starting rpc-statd-notify.service - Notify NFS peers of a restart...
         Starting ssh.service - OpenBSD Secure Shell server...
[  OK  ] Started strongswan-starter.service…KEv1/IKEv2 daemon using ipsec.conf.
         Starting systemd-user-sessions.service - Permit User Sessions...
[  OK  ] Started rpc-statd-notify.service - Notify NFS peers of a restart.
[  OK  ] Finished systemd-user-sessions.service - Permit User Sessions.
[  OK  ] Started NetworkManager-dispatcher.… Manager Script Dispatcher Service.
         Starting gdm.service - GNOME Display Manager...
[  OK  ] Started serial-getty@ttymxc1.service - Serial Getty on ttymxc1.
[  OK  ] Reached target getty.target - Login Prompts.
[  OK  ] Started cups.service - CUPS Scheduler.
[  OK  ] Started ssh.service - OpenBSD Secure Shell server.
[  OK  ] Started mosquitto.service - Mosquitto MQTT Broker.
[  OK  ] Reached target multi-user.target - Multi-User System.
[  OK  ] Started gdm.service - GNOME Display Manager.
[  OK  ] Reached target graphical.target - Graphical Interface.
[   13.545149] platform sound-bt-sco: deferred probe pending: asoc-simple-card: parse error
[   13.553289] platform regulator-dvdd_0: deferred probe pending: platform: supplier 1-0034 not ready
[   13.562301] platform regulator-hmisc-vddio_0: deferred probe pending: platform: supplier 1-0034 not ready
[   13.571905] platform regulator-vddo_0: deferred probe pending: platform: supplier 1-0034 not ready
[   13.995040] imx-dwmac 30bf0000.ethernet eth1: Link is Up - 1Gbps/Full - flow control rx/tx

Debian GNU/Linux 13 imx8mpfrdm ttymxc1

NXP Debian Linux SDK lsdk2512 (optimized with NXP-specific hardware acceleration)
imx8mpfrdm login: root
Linux imx8mpfrdm 6.12.49-gdf24f9428e38-dirty #5 SMP PREEMPT Tue Jan 13 10:21:46 CET 2026 aarch64

The programs included with the Debian GNU/Linux system are free software;
the exact distribution terms for each program are described in the
individual files in /usr/share/doc/*/copyright.

Debian GNU/Linux comes with ABSOLUTELY NO WARRANTY, to the extent
permitted by applicable law.


root@imx8mpfrdm:~#
root@imx8mpfrdm:~#
root@imx8mpfrdm:~#
root@imx8mpfrdm:~# cd host_utils/
root@imx8mpfrdm:~/host_utils# ./load-la9310.sh
insmod /lib/modules/6.12.49-gdf24f9428e38-dirty/extra/la9310shiva.ko scratch_buf_size=0x04000000 scratch_buf_phys_addr=0x92400000 adc_mask=0xf adc_rate_mask=0xf dac_mask=0x1 dac_rate_mask=0x1 alt_firmware_name=la9310_dfe.bin alt_vspa_fw_name=apm-iqplayer.eld[   55.155041] la9310shiva: loading out-of-tree module taints kernel.

[   55.165822] NXP PCIe LA9310 Driver: Init.
[   55.170203] la9310_wdog: Node missing in DTB, skip wdog config
[   55.176920] LA9310 IPC driver: major_nr 505, minor 0
[   55.182114] NXP-LA9310-Driver 0000:01:00.0: max payload size    rc:128 ep:256
[   55.189330] NXP-LA9310-Driver 0000:01:00.0: Init - shiva0 !
[   55.194953] NXP-LA9310-Driver 0000:01:00.0: BAR:0  addr:0x18000000 len:0x4000000
[   55.202390] NXP-LA9310-Driver 0000:01:00.0: BAR:1  addr:0x1c000000 len:0x20000
[   55.209648] NXP-LA9310-Driver 0000:01:00.0: BAR:2  addr:0x1f000000 len:0x800000
[   55.217018] NXP-LA9310-Driver 0000:01:00.0: mem[0] phy 18000000, vaddr ffff800088000000
[   55.225068] NXP-LA9310-Driver 0000:01:00.0: mem[1] phy 1c000000, vaddr ffff8000830c0000
[   55.233096] NXP-LA9310-Driver 0000:01:00.0: mem[2] phy 1f000000, vaddr ffff800087000000
[   55.241438] NXP-LA9310-Driver 0000:01:00.0: 8 MSI successfully created
[   55.248028] NXP-LA9310-Driver 0000:01:00.0: Virtual address after ioremap=ffff800090000000
[   55.303202] NXP-LA9310-Driver 0000:01:00.0: Scratch buf DMA ATU done
[   55.309594] NXP-LA9310-Driver 0000:01:00.0: subdrv DMA region:[4] offset 0
[   55.316485] NXP-LA9310-Driver 0000:01:00.0: Host virtual 0xffff800090000000, EP Phys 0xa0000000, size 2097152
[   55.326425] NXP-LA9310-Driver 0000:01:00.0: Paint addr 0xffff800090200000, size 64 New offset - 0x200040
[   55.335923] NXP-LA9310-Driver 0000:01:00.0: subdrv DMA region:[5] offset 2097216
[   55.343348] NXP-LA9310-Driver 0000:01:00.0: Host virtual 0xffff800090200040, EP Phys 0xa0200040, size 0
[   55.352760] NXP-LA9310-Driver 0000:01:00.0: Paint addr 0xffff800090200040, size 64 New offset - 0x200080
[   55.362291] NXP-LA9310-Driver 0000:01:00.0: subdrv DMA region:[6] offset 2097280
[   55.369717] NXP-LA9310-Driver 0000:01:00.0: Host virtual 0xffff800090200080, EP Phys 0xa0200080, size 98304
[   55.379482] NXP-LA9310-Driver 0000:01:00.0: Paint addr 0xffff800090218080, size 64 New offset - 0x2180c0
[   55.388996] NXP-LA9310-Driver 0000:01:00.0: subdrv DMA region:[7] offset 2195648
[   55.396421] NXP-LA9310-Driver 0000:01:00.0: Host virtual 0xffff8000902180c0, EP Phys 0xa02180c0, size 4096
[   55.396430] NXP-LA9310-Driver 0000:01:00.0: Paint addr 0xffff8000902190c0, size 64 New offset - 0x219100
[   55.396435] NXP-LA9310-Driver 0000:01:00.0: subdrv DMA region:[8] offset 2199808
[   55.423009] NXP-LA9310-Driver 0000:01:00.0: Host virtual 0xffff800090219100, EP Phys 0xa0219100, size 20971520
[   55.423019] NXP-LA9310-Driver 0000:01:00.0: Paint addr 0xffff800091619100, size 64 New offset - 0x1619140
[   55.423026] NXP-LA9310-Driver 0000:01:00.0: subdrv DMA region:[9] offset 23171392
[   55.423030] NXP-LA9310-Driver 0000:01:00.0: Host virtual 0xffff800091619140, EP Phys 0xa1619140, size 16777216
[   55.423036] NXP-LA9310-Driver 0000:01:00.0: Paint addr 0xffff800092619140, size 64 New offset - 0x2619180
[   55.423043] NXP-LA9310-Driver 0000:01:00.0: subdrv DMA region:[10] offset 39948672
[   55.423047] NXP-LA9310-Driver 0000:01:00.0: Host virtual 0xffff800092619180, EP Phys 0xa2619180, size 131072
[   55.423053] NXP-LA9310-Driver 0000:01:00.0: Paint addr 0xffff800092639180, size 64 New offset - 0x26391c0
[   55.423058] NXP-LA9310-Driver 0000:01:00.0: subdrv DMA region:[11] offset 40079808
[   55.423062] NXP-LA9310-Driver 0000:01:00.0: Host virtual 0xffff8000926391c0, EP Phys 0xa26391c0, size 204800
[   55.423069] NXP-LA9310-Driver 0000:01:00.0: Paint addr 0xffff80009266b1c0, size 64 New offset - 0x266b200
[   55.423108] NXP-LA9310-Driver 0000:01:00.0: SDR IQFLOOD Buff:0xb0001000[H]-0x96400000[M],size 218103808
[   55.423233] NXP-LA9310-Driver 0000:01:00.0: LA9310 Logger init vaddr ffff8000902180c0, phys a02180c0, size 4096
[   55.423262] NXP-LA9310-Driver 0000:01:00.0: Created sysfs group la9310sysfs
[   55.423268] NXP-LA9310-Driver 0000:01:00.0: shiva0: Loading RTOS image
[   55.425553] NXP-LA9310-Driver 0000:01:00.0: Downloaded f/w at 0xffff8000830a7000 size: 74872
[   55.565660] NXP-LA9310-Driver 0000:01:00.0: Copy fw to ffff800090200080, size 74872
[   55.573440] NXP-LA9310-Driver 0000:01:00.0: load_firmware[la9310_dfe.bin] - Addr ffff800090200080, size 74872
[   55.583413] NXP-LA9310-Driver 0000:01:00.0: Waiting for FreeRTOS boot.
[   55.590017] NXP-LA9310-Driver 0000:01:00.0: [Sync fw upgrade] Waiting for FreeRTOS to write 1
[   55.676168] NXP-LA9310-Driver 0000:01:00.0: LA9310 FreeRTOS booted succesfully: 0x1
[   55.683859] NXP-LA9310-Driver 0000:01:00.0: shiva0: Initiating Reset handshake
[   55.691126] NXP-LA9310-Driver 0000:01:00.0: [Reset HS] Waiting for FreeRTOS to write 3
[   55.725695] NXP-LA9310-Driver 0000:01:00.0: LA9310 Reset HandShake done, scratch 0x3
[   55.733473] NXP-LA9310-Driver 0000:01:00.0: Reset HandShake: Done. HIF 0x1b000, size 0x328 (808)
[   55.742320] NXP-LA9310-Driver 0000:01:00.0: HIF Version : 1.0
[   55.748113] NXP-LA9310-Driver 0000:01:00.0: num_irq 6
[   55.753200] NXP-LA9310-Driver 0000:01:00.0: CCSR: vaddr ffff800088000000, size 67108864
[   55.761268] NXP-LA9310-Driver 0000:01:00.0: MSI:ATU: DBI 0xffff80008b400054, DMA 4403e000, EP b0000000
[   55.770864] NXP-LA9310-Driver 0000:01:00.0: irq mux 229 allocated successfully
[   55.778130] NXP-LA9310-Driver 0000:01:00.0: shiva0:Initiating sub-drivers
[   55.784954] NXP-LA9310-Driver 0000:01:00.0: VIRQ MASK not defined for subdrv TVD
[   55.792640] NXP-LA9310-Driver 0000:01:00.0: VIRQ MASK not defined for subdrv TTI
[   55.800706] NXP-LA9310-Driver 0000:01:00.0: virqmap init, evtmask f, count 4
[   55.807815] NXP-LA9310-Driver 0000:01:00.0: Inside la9310_ipc_probe function K_hif=328
[   55.815961] NXP-LA9310-Driver 0000:01:00.0: IPC modem is ready!
[   55.821934] NXP-LA9310-Driver 0000:01:00.0: Exiting function la9310_ipc_probe
[   55.829174] NXP-LA9310-Driver 0000:01:00.0: virqmap init, evtmask 10, count 1
[   55.836385] NXP-LA9310-Driver 0000:01:00.0: shiva0-vspa0: hwver 0x02011500, 16 AUs, dmem 6400 bytes
[   55.845468] NXP-LA9310-Driver 0000:01:00.0: INFO:vspa_probe : VSPA Loading firmware initiated-
[   55.855146] NXP-LA9310-Driver 0000:01:00.0: Downloaded f/w at 0xffff8000830e1000 size: 849704
[   55.863712] NXP-LA9310-Driver 0000:01:00.0: Copy fw to ffff800090000000, size 849704
[   56.503649] NXP-LA9310-Driver 0000:01:00.0: Section Name: .IQ_data_ovl_ddr found
[   56.511126] NXP-LA9310-Driver 0000:01:00.0: Section Name: .CAL_ovl_ddr found
[   56.727040] NXP-LA9310-Driver 0000:01:00.0: INFO:vspa_probe :VSPA FW image apm-iqplayer.eld loading finished
[   56.736952] NXP-LA9310-Driver 0000:01:00.0: Boot Ok Msg Verified: msb = F1000000, lsb = 00000000
[   56.746009] NXP-LA9310-Driver 0000:01:00.0: SW Version: vspa = 00020002, ippu = 00000000
[   56.754562] NXP-LA9310-Driver 0000:01:00.0: SPM Ack Msg: msb = F0700000, lsb = 00000000
[   56.762696] NXP-LA9310-Driver 0000:01:00.0: virqmap init, evtmask 80, count 1
[   56.771621] NXP-LA9310-Driver 0000:01:00.0: Probed OK, la9310_base_probe  Time elasped 1504 msec
[   56.782979] Created sysfs group (null)
[   56.786796] PCIe LA9310 driver total elasped time 1596 msec
root@imx8mpfrdm:~/host_utils#
root@imx8mpfrdm:~/host_utils#
root@imx8mpfrdm:~/host_utils# ./iq-replay.sh
Arguments wrong.
usage: ./iq-replay.sh <iq sample file> <size num 4KB> [half duplex]
ex : ./iq-replay.sh ./tone_td_3p072Mhz_20ms_4KB1200_2c.bin 1200
ex : ./iq-replay.sh ./tone_td_3p072Mhz_20ms_4KB1200_2c.bin 1200 1
root@imx8mpfrdm:~/host_utils# ./iq-replay.sh ./tone_td_3p072Mhz_20ms_4KB1200_2c.bin 1200
bin2mem -f ./tone_td_3p072Mhz_20ms_4KB1200_2c.bin -a 0x96400000

18000000
get_modem_ccsr_base: Base PCI addr phy 0x18000000
Ready to send 0x055004b0-0xb0001000 to vspa:0 mail box:0

18000000
get_modem_ccsr_base: Base PCI addr phy 0x18000000
Received from VSPA:0, MBox:0, MSB:0x00000000, LSB:0x00000001.
root@imx8mpfrdm:~/host_utils#
root@imx8mpfrdm:~/host_utils#
root@imx8mpfrdm:~/host_utils# ./iq-capture-ddr.sh
Arguments wrong.
usage: ./iq-capture-ddr.sh <DDR buff size nb 4KB> [half duplex]
ex : ./iq-capture-ddr.sh 1200
ex : ./iq-capture-ddr.sh 1200 1
root@imx8mpfrdm:~/host_utils# ./iq-capture-ddr.sh 1200

18000000
get_modem_ccsr_base: Base PCI addr phy 0x18000000
Ready to send 0x06d004b0-0xb6801000 to vspa:0 mail box:0

18000000
get_modem_ccsr_base: Base PCI addr phy 0x18000000
Received from VSPA:0, MBox:0, MSB:0x00000000, LSB:0x00000001.
running until ./iq-stop.sh and
bin2mem -f iqdata.bin -a 0x9CC00000 -r 4915200
root@imx8mpfrdm:~/host_utils#
root@imx8mpfrdm:~/host_utils#

root@imx8mpfrdm:~# iq_mon



RX stats :
 DMA_AXIQ_RD    0x9d0d09c9(00000122 MB/s)
 DMA_DDR_WR     0x45c78e5f(00000122 MB/s)
 EXT_DDR_WR     0xe5301140
 DDR_WR_OVR     0x70f8c280(00000000 MB/s)
 FIFO_RX_UDR    0x9bc024f8
 FIFO_RX_OVR    0x19007601
 DMA_RX_CMD_OVR 0x435bf945
 EXT_DDR_WR_OVR 0x61f44bcc
TX stats :
 DMA_AXIQ_WR    0x738fe7eb(00000122 MB/s)
 DMA_DDR_RD     0x04ad7bca(00000122 MB/s)
 EXT_DDR_RD     0xdc229000
 DDR_RD_UDR     0xc7c50377(00000000 MB/s)
 FIFO_TX_UDR    0x1972c31b
 FIFO_TX_OVR    0xdb80e188
 DMA_TX_CMD_UDR 0x09dce515
 EXT_DDR_RD_UDR 0x928208a0
Global stats :
 DMA_CFG_ERROR  0x74805008
 DMA_XFER_ERROR 0x476af390

VSPA DMA regs (IP reg 0xB0):
ffff76c000b0: 0000 0000  0000 0000  0000 0000  0000 0000
ffff76c000c0: 0408 0000  0000 0000  0110 0000  0000 0000
ffff76c000d0: 0000 0000  8409 0000  0000 0000  fbff 0000
VSPA AXI regs (GP_IN0-9 IPREG 0x580):
ffff76c00500: 3000 0000  2222 0300  0000 0000  0000 0000
ffff76c00510: 18c6 febe  0000 0000  0000 0000  0000 0000
ffff76c00520: 0000 0000  0000 0000  0000 0000  0000 0000

